Archive member included to satisfy reference by file (symbol)

/usr/lib/gcc/arm-none-eabi/9.2.1/libgcc.a(_udivsi3.o)
                              build/stdio.o (__aeabi_uidiv)
/usr/lib/gcc/arm-none-eabi/9.2.1/libgcc.a(_dvmd_tls.o)
                              /usr/lib/gcc/arm-none-eabi/9.2.1/libgcc.a(_udivsi3.o) (__aeabi_idiv0)

Allocating common symbols
Common symbol       size              file

xy1                 0x8               build/Main.o
place_y2            0x28              build/Main.o
place_x1            0x28              build/Main.o
c                   0x190             build/Main.o
place_y1            0x28              build/Main.o
place_x2            0x28              build/Main.o
sMutex              0x8               build/synch.o

Memory Configuration

Name             Origin             Length             Attributes
*default*        0x0000000000000000 0xffffffffffffffff

Linker script and memory map

LOAD build/Entry.os
LOAD build/Main.o
LOAD build/Handler.o
LOAD build/Regs.o
LOAD build/Interrupt.o
LOAD build/Uart.o
LOAD build/Timer.o
LOAD build/stdlib.o
LOAD build/string.o
LOAD build/stdio.o
LOAD build/armcpu.o
LOAD build/task.o
LOAD build/synch.o
LOAD build/msg.o
LOAD build/event.o
LOAD build/Kernel.o
LOAD /usr/lib/gcc/arm-none-eabi/9.2.1/libgcc.a
                0x0000000000000000                . = 0x0

.text           0x0000000000000000     0x29cc
 *(vector_start)
 *(.text .rodata)
 .text          0x0000000000000000       0xd4 build/Entry.os
                0x0000000000000000                vector_start
                0x000000000000003c                vector_end
 .text          0x00000000000000d4      0xbdc build/Main.o
                0x00000000000000d4                ABS
                0x0000000000000100                main
                0x0000000000000180                User_task0
                0x0000000000000538                game_end
                0x0000000000000994                input_dir
                0x0000000000000b1c                clear_board
                0x0000000000000ba4                show_board
 .rodata        0x0000000000000cb0       0xda build/Main.o
 *fill*         0x0000000000000d8a        0x2 
 .text          0x0000000000000d8c       0x24 build/Handler.o
                0x0000000000000d8c                Irq_Handler
                0x0000000000000da8                Fiq_Handler
 .text          0x0000000000000db0        0x0 build/Regs.o
 .text          0x0000000000000db0      0x2f8 build/Interrupt.o
                0x0000000000000db0                Hal_interrupt_init
                0x0000000000000e4c                Hal_interrupt_enable
                0x0000000000000f18                Hal_interrupt_disable
                0x0000000000000fec                Hal_interrupt_register_handler
                0x0000000000001024                Hal_interrupt_run_handler
 .text          0x00000000000010a8      0x1e8 build/Uart.o
                0x00000000000010a8                Hal_uart_init
                0x0000000000001148                Hal_uart_put_char
                0x00000000000011a4                Hal_uart_get_char
 .text          0x0000000000001290      0x210 build/Timer.o
                0x0000000000001290                Hal_timer_init
                0x0000000000001434                Hal_timer_get_1ms_counter
 .text          0x00000000000014a0       0xa8 build/stdlib.o
                0x00000000000014a0                delay
                0x00000000000014ec                memclr
 .text          0x0000000000001548       0x94 build/string.o
                0x0000000000001548                strcmp
 .text          0x00000000000015dc      0x444 build/stdio.o
                0x00000000000015dc                putstr
                0x000000000000163c                debug_printf
                0x000000000000168c                vsprintf
                0x000000000000190c                utoa
 .rodata        0x0000000000001a20        0x7 build/stdio.o
 *fill*         0x0000000000001a27        0x1 
 .text          0x0000000000001a28       0xb0 build/armcpu.o
                0x0000000000001a28                enable_irq
                0x0000000000001a54                enable_fiq
                0x0000000000001a80                disable_irq
                0x0000000000001aac                disable_fiq
 .text          0x0000000000001ad8      0x358 build/task.o
                0x0000000000001ad8                Kernel_task_init
                0x0000000000001be4                Kernel_task_start
                0x0000000000001c20                Kernel_task_create
                0x0000000000001ce0                Kernel_task_get_current_task_id
                0x0000000000001d04                Kernel_task_scheduler
                0x0000000000001d5c                Kernel_task_context_switching
 .rodata        0x0000000000001e30       0x30 build/task.o
 .text          0x0000000000001e60      0x224 build/synch.o
                0x0000000000001e60                Kernel_sem_init
                0x0000000000001ed8                Kernel_sem_test
                0x0000000000001f2c                Kernel_sem_release
                0x0000000000001f98                Kernel_mutex_init
                0x0000000000001fd0                Kernel_mutex_lock
                0x0000000000002030                Kernel_mutex_unlock
 .text          0x0000000000002084      0x3b0 build/msg.o
                0x0000000000002084                Kernel_msgQ_init
                0x00000000000020ec                Kernel_msgQ_is_empty
                0x0000000000002174                Kernel_msgQ_is_full
                0x0000000000002204                Kernel_msgQ_enqueue
                0x0000000000002328                Kernel_msgQ_dequeue
 .text          0x0000000000002434       0xf8 build/event.o
                0x0000000000002434                Kernel_event_flag_init
                0x000000000000245c                Kernel_event_flag_set
                0x000000000000249c                Kernel_event_flag_clear
                0x00000000000024e0                Kernel_event_flag_check
 .text          0x000000000000252c      0x388 build/Kernel.o
                0x000000000000252c                Kernel_start
                0x0000000000002540                Kernel_yield
                0x0000000000002554                Kernel_send_events
                0x00000000000025dc                Kernel_wait_events
                0x0000000000002678                Kernel_send_msg
                0x0000000000002750                Kernel_recv_msg
                0x00000000000027e4                Kernel_lock_sem
                0x0000000000002818                Kernel_unlock_sem
                0x000000000000282c                Kernel_lock_mutex
                0x0000000000002874                Kernel_unlock_mutex
 .text          0x00000000000028b4      0x114 /usr/lib/gcc/arm-none-eabi/9.2.1/libgcc.a(_udivsi3.o)
                0x00000000000028b4                __udivsi3
                0x00000000000028b4                __aeabi_uidiv
                0x00000000000029a8                __aeabi_uidivmod
 .text          0x00000000000029c8        0x4 /usr/lib/gcc/arm-none-eabi/9.2.1/libgcc.a(_dvmd_tls.o)
                0x00000000000029c8                __aeabi_ldiv0
                0x00000000000029c8                __aeabi_idiv0

.glue_7         0x00000000000029cc        0x0
 .glue_7        0x00000000000029cc        0x0 linker stubs

.glue_7t        0x00000000000029cc        0x0
 .glue_7t       0x00000000000029cc        0x0 linker stubs

.vfp11_veneer   0x00000000000029cc        0x0
 .vfp11_veneer  0x00000000000029cc        0x0 linker stubs

.v4_bx          0x00000000000029cc        0x0
 .v4_bx         0x00000000000029cc        0x0 linker stubs

.iplt           0x00000000000029cc        0x0
 .iplt          0x00000000000029cc        0x0 build/Entry.os

.rel.dyn        0x00000000000029cc        0x0
 .rel.iplt      0x00000000000029cc        0x0 build/Entry.os

.data           0x00000000000029cc       0x20
 *(.data)
 .data          0x00000000000029cc        0x0 build/Entry.os
 .data          0x00000000000029cc       0x10 build/Main.o
                0x00000000000029cc                x1
                0x00000000000029d0                y1
                0x00000000000029d4                x2
                0x00000000000029d8                y2
 .data          0x00000000000029dc        0x0 build/Handler.o
 .data          0x00000000000029dc       0x10 build/Regs.o
                0x00000000000029dc                Uart
                0x00000000000029e0                GicCpu
                0x00000000000029e4                GicDist
                0x00000000000029e8                Timer
 .data          0x00000000000029ec        0x0 build/Interrupt.o
 .data          0x00000000000029ec        0x0 build/Uart.o
 .data          0x00000000000029ec        0x0 build/Timer.o
 .data          0x00000000000029ec        0x0 build/stdlib.o
 .data          0x00000000000029ec        0x0 build/string.o
 .data          0x00000000000029ec        0x0 build/stdio.o
 .data          0x00000000000029ec        0x0 build/armcpu.o
 .data          0x00000000000029ec        0x0 build/task.o
 .data          0x00000000000029ec        0x0 build/synch.o
 .data          0x00000000000029ec        0x0 build/msg.o
 .data          0x00000000000029ec        0x0 build/event.o
 .data          0x00000000000029ec        0x0 build/Kernel.o
 .data          0x00000000000029ec        0x0 /usr/lib/gcc/arm-none-eabi/9.2.1/libgcc.a(_udivsi3.o)
 .data          0x00000000000029ec        0x0 /usr/lib/gcc/arm-none-eabi/9.2.1/libgcc.a(_dvmd_tls.o)

.igot.plt       0x00000000000029ec        0x0
 .igot.plt      0x00000000000029ec        0x0 build/Entry.os

.bss            0x00000000000029ec     0x127c
 *(.bss)
 .bss           0x00000000000029ec        0x0 build/Entry.os
 .bss           0x00000000000029ec        0x8 build/Main.o
                0x00000000000029ec                q
                0x00000000000029f0                w
 .bss           0x00000000000029f4        0x0 build/Handler.o
 .bss           0x00000000000029f4        0x0 build/Regs.o
 .bss           0x00000000000029f4      0x3fc build/Interrupt.o
 .bss           0x0000000000002df0        0x0 build/Uart.o
 .bss           0x0000000000002df0        0x4 build/Timer.o
 .bss           0x0000000000002df4        0x0 build/stdlib.o
 .bss           0x0000000000002df4        0x0 build/string.o
 .bss           0x0000000000002df4      0x400 build/stdio.o
 .bss           0x00000000000031f4        0x0 build/armcpu.o
 .bss           0x00000000000031f4      0x210 build/task.o
 .bss           0x0000000000003404        0x8 build/synch.o
 .bss           0x000000000000340c      0x618 build/msg.o
 .bss           0x0000000000003a24        0x4 build/event.o
 .bss           0x0000000000003a28        0x0 build/Kernel.o
 .bss           0x0000000000003a28        0x0 /usr/lib/gcc/arm-none-eabi/9.2.1/libgcc.a(_udivsi3.o)
 .bss           0x0000000000003a28        0x0 /usr/lib/gcc/arm-none-eabi/9.2.1/libgcc.a(_dvmd_tls.o)
 COMMON         0x0000000000003a28      0x238 build/Main.o
                0x0000000000003a28                xy1
                0x0000000000003a30                place_y2
                0x0000000000003a58                place_x1
                0x0000000000003a80                c
                0x0000000000003c10                place_y1
                0x0000000000003c38                place_x2
 COMMON         0x0000000000003c60        0x8 build/synch.o
                0x0000000000003c60                sMutex
OUTPUT(build/navilos.axf elf32-littlearm)
LOAD linker stubs

.ARM.attributes
                0x0000000000000000       0x2b
 .ARM.attributes
                0x0000000000000000       0x1d build/Entry.os
 .ARM.attributes
                0x000000000000001d       0x2f build/Main.o
 .ARM.attributes
                0x000000000000004c       0x2f build/Handler.o
 .ARM.attributes
                0x000000000000007b       0x2f build/Regs.o
 .ARM.attributes
                0x00000000000000aa       0x2f build/Interrupt.o
 .ARM.attributes
                0x00000000000000d9       0x2f build/Uart.o
 .ARM.attributes
                0x0000000000000108       0x2f build/Timer.o
 .ARM.attributes
                0x0000000000000137       0x2f build/stdlib.o
 .ARM.attributes
                0x0000000000000166       0x2f build/string.o
 .ARM.attributes
                0x0000000000000195       0x2f build/stdio.o
 .ARM.attributes
                0x00000000000001c4       0x2f build/armcpu.o
 .ARM.attributes
                0x00000000000001f3       0x2f build/task.o
 .ARM.attributes
                0x0000000000000222       0x2f build/synch.o
 .ARM.attributes
                0x0000000000000251       0x2f build/msg.o
 .ARM.attributes
                0x0000000000000280       0x2f build/event.o
 .ARM.attributes
                0x00000000000002af       0x2f build/Kernel.o
 .ARM.attributes
                0x00000000000002de       0x1c /usr/lib/gcc/arm-none-eabi/9.2.1/libgcc.a(_udivsi3.o)
 .ARM.attributes
                0x00000000000002fa       0x1c /usr/lib/gcc/arm-none-eabi/9.2.1/libgcc.a(_dvmd_tls.o)

.comment        0x0000000000000000       0x59
 .comment       0x0000000000000000       0x59 build/Main.o
                                         0x5a (size before relaxing)
 .comment       0x0000000000000059       0x5a build/Handler.o
 .comment       0x0000000000000059       0x5a build/Regs.o
 .comment       0x0000000000000059       0x5a build/Interrupt.o
 .comment       0x0000000000000059       0x5a build/Uart.o
 .comment       0x0000000000000059       0x5a build/Timer.o
 .comment       0x0000000000000059       0x5a build/stdlib.o
 .comment       0x0000000000000059       0x5a build/string.o
 .comment       0x0000000000000059       0x5a build/stdio.o
 .comment       0x0000000000000059       0x5a build/armcpu.o
 .comment       0x0000000000000059       0x5a build/task.o
 .comment       0x0000000000000059       0x5a build/synch.o
 .comment       0x0000000000000059       0x5a build/msg.o
 .comment       0x0000000000000059       0x5a build/event.o
 .comment       0x0000000000000059       0x5a build/Kernel.o

.debug_line     0x0000000000000000     0x1157
 .debug_line    0x0000000000000000       0x6d build/Entry.os
 .debug_line    0x000000000000006d      0x42e build/Main.o
 .debug_line    0x000000000000049b       0x4c build/Handler.o
 .debug_line    0x00000000000004e7       0x68 build/Regs.o
 .debug_line    0x000000000000054f      0x11e build/Interrupt.o
 .debug_line    0x000000000000066d      0x115 build/Uart.o
 .debug_line    0x0000000000000782       0xdc build/Timer.o
 .debug_line    0x000000000000085e       0x80 build/stdlib.o
 .debug_line    0x00000000000008de       0x65 build/string.o
 .debug_line    0x0000000000000943      0x177 build/stdio.o
 .debug_line    0x0000000000000aba       0x67 build/armcpu.o
 .debug_line    0x0000000000000b21      0x152 build/task.o
 .debug_line    0x0000000000000c73       0xe7 build/synch.o
 .debug_line    0x0000000000000d5a      0x107 build/msg.o
 .debug_line    0x0000000000000e61       0x87 build/event.o
 .debug_line    0x0000000000000ee8      0x1a4 build/Kernel.o
 .debug_line    0x000000000000108c       0x74 /usr/lib/gcc/arm-none-eabi/9.2.1/libgcc.a(_udivsi3.o)
 .debug_line    0x0000000000001100       0x57 /usr/lib/gcc/arm-none-eabi/9.2.1/libgcc.a(_dvmd_tls.o)

.debug_info     0x0000000000000000     0x400d
 .debug_info    0x0000000000000000       0x26 build/Entry.os
 .debug_info    0x0000000000000026      0x4cb build/Main.o
 .debug_info    0x00000000000004f1       0x82 build/Handler.o
 .debug_info    0x0000000000000573     0x124d build/Regs.o
 .debug_info    0x00000000000017c0      0x691 build/Interrupt.o
 .debug_info    0x0000000000001e51      0xd0f build/Uart.o
 .debug_info    0x0000000000002b60      0x2c6 build/Timer.o
 .debug_info    0x0000000000002e26       0xf0 build/stdlib.o
 .debug_info    0x0000000000002f16       0xc3 build/string.o
 .debug_info    0x0000000000002fd9      0x2ad build/stdio.o
 .debug_info    0x0000000000003286       0x6e build/armcpu.o
 .debug_info    0x00000000000032f4      0x2a6 build/task.o
 .debug_info    0x000000000000359a      0x197 build/synch.o
 .debug_info    0x0000000000003731      0x23d build/msg.o
 .debug_info    0x000000000000396e      0x228 build/event.o
 .debug_info    0x0000000000003b96      0x42b build/Kernel.o
 .debug_info    0x0000000000003fc1       0x26 /usr/lib/gcc/arm-none-eabi/9.2.1/libgcc.a(_udivsi3.o)
 .debug_info    0x0000000000003fe7       0x26 /usr/lib/gcc/arm-none-eabi/9.2.1/libgcc.a(_dvmd_tls.o)

.debug_abbrev   0x0000000000000000     0x107e
 .debug_abbrev  0x0000000000000000       0x14 build/Entry.os
 .debug_abbrev  0x0000000000000014      0x1e2 build/Main.o
 .debug_abbrev  0x00000000000001f6       0x5e build/Handler.o
 .debug_abbrev  0x0000000000000254      0x11a build/Regs.o
 .debug_abbrev  0x000000000000036e      0x19c build/Interrupt.o
 .debug_abbrev  0x000000000000050a      0x1cd build/Uart.o
 .debug_abbrev  0x00000000000006d7      0x132 build/Timer.o
 .debug_abbrev  0x0000000000000809       0xc3 build/stdlib.o
 .debug_abbrev  0x00000000000008cc       0x7a build/string.o
 .debug_abbrev  0x0000000000000946      0x131 build/stdio.o
 .debug_abbrev  0x0000000000000a77       0x2e build/armcpu.o
 .debug_abbrev  0x0000000000000aa5      0x184 build/task.o
 .debug_abbrev  0x0000000000000c29      0x10f build/synch.o
 .debug_abbrev  0x0000000000000d38      0x12f build/msg.o
 .debug_abbrev  0x0000000000000e67       0xdf build/event.o
 .debug_abbrev  0x0000000000000f46      0x110 build/Kernel.o
 .debug_abbrev  0x0000000000001056       0x14 /usr/lib/gcc/arm-none-eabi/9.2.1/libgcc.a(_udivsi3.o)
 .debug_abbrev  0x000000000000106a       0x14 /usr/lib/gcc/arm-none-eabi/9.2.1/libgcc.a(_dvmd_tls.o)

.debug_aranges  0x0000000000000000      0x238
 .debug_aranges
                0x0000000000000000       0x20 build/Entry.os
 .debug_aranges
                0x0000000000000020       0x20 build/Main.o
 .debug_aranges
                0x0000000000000040       0x20 build/Handler.o
 .debug_aranges
                0x0000000000000060       0x18 build/Regs.o
 .debug_aranges
                0x0000000000000078       0x20 build/Interrupt.o
 .debug_aranges
                0x0000000000000098       0x20 build/Uart.o
 .debug_aranges
                0x00000000000000b8       0x20 build/Timer.o
 .debug_aranges
                0x00000000000000d8       0x20 build/stdlib.o
 .debug_aranges
                0x00000000000000f8       0x20 build/string.o
 .debug_aranges
                0x0000000000000118       0x20 build/stdio.o
 .debug_aranges
                0x0000000000000138       0x20 build/armcpu.o
 .debug_aranges
                0x0000000000000158       0x20 build/task.o
 .debug_aranges
                0x0000000000000178       0x20 build/synch.o
 .debug_aranges
                0x0000000000000198       0x20 build/msg.o
 .debug_aranges
                0x00000000000001b8       0x20 build/event.o
 .debug_aranges
                0x00000000000001d8       0x20 build/Kernel.o
 .debug_aranges
                0x00000000000001f8       0x20 /usr/lib/gcc/arm-none-eabi/9.2.1/libgcc.a(_udivsi3.o)
 .debug_aranges
                0x0000000000000218       0x20 /usr/lib/gcc/arm-none-eabi/9.2.1/libgcc.a(_dvmd_tls.o)

.debug_str      0x0000000000000000     0x12f4
 .debug_str     0x0000000000000000       0x26 build/Entry.os
 .debug_str     0x0000000000000026      0x55f build/Main.o
                                        0x58b (size before relaxing)
 .debug_str     0x0000000000000585       0x27 build/Handler.o
                                        0x136 (size before relaxing)
 .debug_str     0x00000000000005ac      0x5ac build/Regs.o
                                        0x6cb (size before relaxing)
 .debug_str     0x0000000000000b58       0xbb build/Interrupt.o
                                        0x3da (size before relaxing)
 .debug_str     0x0000000000000c13       0x54 build/Uart.o
                                        0x837 (size before relaxing)
 .debug_str     0x0000000000000c67       0x5d build/Timer.o
                                        0x27d (size before relaxing)
 .debug_str     0x0000000000000cc4       0x25 build/stdlib.o
                                        0x145 (size before relaxing)
 .debug_str     0x0000000000000ce9       0x14 build/string.o
                                        0x128 (size before relaxing)
 .debug_str     0x0000000000000cfd       0xfa build/stdio.o
                                        0x193 (size before relaxing)
 .debug_str     0x0000000000000df7       0x3b build/armcpu.o
                                         0xe1 (size before relaxing)
 .debug_str     0x0000000000000e32      0x179 build/task.o
                                        0x299 (size before relaxing)
 .debug_str     0x0000000000000fab       0xa2 build/synch.o
                                        0x1cd (size before relaxing)
 .debug_str     0x000000000000104d       0xa2 build/msg.o
                                        0x21c (size before relaxing)
 .debug_str     0x00000000000010ef       0x92 build/event.o
                                        0x516 (size before relaxing)
 .debug_str     0x0000000000001181       0xf5 build/Kernel.o
                                        0x60b (size before relaxing)
 .debug_str     0x0000000000001276       0x7e /usr/lib/gcc/arm-none-eabi/9.2.1/libgcc.a(_udivsi3.o)
                                         0x8a (size before relaxing)
 .debug_str     0x00000000000012f4       0x8a /usr/lib/gcc/arm-none-eabi/9.2.1/libgcc.a(_dvmd_tls.o)

.debug_frame    0x0000000000000000      0x940
 .debug_frame   0x0000000000000000      0x124 build/Main.o
 .debug_frame   0x0000000000000124       0x50 build/Handler.o
 .debug_frame   0x0000000000000174       0xb0 build/Interrupt.o
 .debug_frame   0x0000000000000224       0x8c build/Uart.o
 .debug_frame   0x00000000000002b0       0x70 build/Timer.o
 .debug_frame   0x0000000000000320       0x50 build/stdlib.o
 .debug_frame   0x0000000000000370       0x30 build/string.o
 .debug_frame   0x00000000000003a0       0xac build/stdio.o
 .debug_frame   0x000000000000044c       0x90 build/armcpu.o
 .debug_frame   0x00000000000004dc       0xf4 build/task.o
 .debug_frame   0x00000000000005d0       0xd0 build/synch.o
 .debug_frame   0x00000000000006a0       0xb0 build/msg.o
 .debug_frame   0x0000000000000750       0x90 build/event.o
 .debug_frame   0x00000000000007e0      0x140 build/Kernel.o
 .debug_frame   0x0000000000000920       0x20 /usr/lib/gcc/arm-none-eabi/9.2.1/libgcc.a(_udivsi3.o)

.debug_ranges   0x0000000000000000       0x18
 .debug_ranges  0x0000000000000000       0x18 build/Kernel.o
